// Jest Snapshot v1, https://goo.gl/fbAQLP

exports[`integration adapter case [1970-01-01T00:00:01.003Z, "foo", "bar", null, 100] 1`] = `"[{\\"@type\\":\\"Date\\",\\"value\\":\\"1970-01-01T00:00:01.003Z\\"},\\"foo\\",\\"bar\\",null,100]"`;

exports[`integration adapter case {"date": 1970-01-01T00:00:01.002Z, "foo": "bar", "prop": 1} 1`] = `"{\\"foo\\":\\"bar\\",\\"prop\\":1,\\"date\\":{\\"@type\\":\\"Date\\",\\"value\\":\\"1970-01-01T00:00:01.002Z\\"}}"`;

exports[`integration adapter case 1970-01-01T00:00:01.010Z 1`] = `"{\\"@type\\":\\"Date\\",\\"value\\":\\"1970-01-01T00:00:01.010Z\\"}"`;

exports[`integration adapter case Map {"key" => 1970-01-01T00:00:01.000Z, "key2" => 100, "key3" => null} 1`] = `"{\\"@type\\":\\"Map\\",\\"value\\":[[\\"key\\",{\\"@type\\":\\"Date\\",\\"value\\":\\"1970-01-01T00:00:01.000Z\\"}],[\\"key2\\",100],[\\"key3\\",null]]}"`;

exports[`integration adapter case Set {1970-01-01T00:00:01.001Z, "string", null, 1000} 1`] = `"{\\"@type\\":\\"Set\\",\\"value\\":[{\\"@type\\":\\"Date\\",\\"value\\":\\"1970-01-01T00:00:01.001Z\\"},\\"string\\",null,1000]}"`;
